задание: 2.1.6
проект: 211-command-usb
устройство: 2e8a:000a
серийный номер: E66098F29B6A7732
порт: COM12
начало: 2026-10-08T17:06:10
   0.000 --> boot_info
   0.203 <-- boot_info
   0.203 <-- dbg read_line:123 got boot_info
   0.203 <-- vector table   0x10000100
   0.203 <-- stack top    0x20042000
   0.203 <-- reset        0x100001f7
   0.203 <-- reset (even) 0x100001f6
   0.203 <-- gpio in        0xd0000004
   0.203 <-- led bit      0
   0.203 <-- gpio_get     0
   2.234 --> enable
   2.375 <-- enable
   2.375 <-- dbg read_line:123 got enable
   2.375 <-- inf cmd_enable:31 led on
   4.422 --> boot_info
   4.625 <-- boot_info
   4.625 <-- dbg read_line:123 got boot_info
   4.625 <-- vector table   0x10000100
   4.625 <-- stack top    0x20042000
   4.625 <-- reset        0x100001f7
   4.625 <-- reset (even) 0x100001f6
   4.625 <-- gpio in        0xd0000004
   4.625 <-- led bit      1
   4.625 <-- gpio_get     1
   6.656 --> disable
   6.813 <-- disable
   6.813 <-- dbg read_line:123 got disable
   6.813 <-- inf cmd_disable:37 led off
   8.844 --> boot_info
   9.047 <-- boot_info
   9.047 <-- dbg read_line:123 got boot_info
   9.047 <-- vector table   0x10000100
   9.047 <-- stack top    0x20042000
   9.047 <-- reset        0x100001f7
   9.047 <-- reset (even) 0x100001f6
   9.047 <-- gpio in        0xd0000004
   9.047 <-- led bit      0
   9.047 <-- gpio_get     0
итог: отправлено команд 5, принято строк 33
