задание: 2.1.3
проект: 211-command-usb
устройство: 2e8a:000a
серийный номер: E66098F29B5BA332
порт: COM11
начало: 2026-10-01T17:46:08
   0.000 --> mem_info
   0.172 <-- mem_info
   0.172 <-- dbg read_line:111 got mem_info
   0.172 <-- area       start      end        size
   0.172 <-- flash      0x10000000 0x10200000  2097152
   0.172 <-- sram       0x20000000 0x20042000   270336
   0.172 <-- rom        0x00000000 0x00004000    16384
   0.172 <-- image      0x10000000 0x100083d8    33752
   0.172 <-- free       0x100083d8 0x10200000  2063400
   0.172 <-- boot2      0x10000000 0x10000100      256
   0.172 <-- text       0x10000100 0x100073e8    29416
   0.172 <-- data flash 0x100073e8 0x100083d8     4080
   0.172 <-- data ram   0x200000c0 0x200010b0     4080
   0.172 <-- bss        0x200010b0 0x20001cec     3132
   0.172 <-- heap       0x20001cec 0x20040000   254740
   0.172 <-- stack      0x20041800 0x20042000     2048
   0.172 <-- total
   0.172 <-- flash image    33752 = boot2 256 + text 29416 + data 4080
   0.172 <-- flash free   2063400 of 2097152
   0.172 <-- ram used        7212 = data 4080 + bss 3132
   0.172 <-- ram free      254740 for heap and 2048 for stack
итог: отправлено команд 1, принято строк 20
